// Jest Snapshot v1, https://goo.gl/fbAQLP

exports[`Header renders header correctly when loginStatus is false 1`] = `
<header
  className="header"
>
  <div
    className="logo"
  >
    <a
      href="/"
      onClick={[Function]}
      onMouseEnter={[Function]}
      onTouchStart={[Function]}
    >
      <img
        alt="logo"
        data-nimg="1"
        decoding="async"
        height={35}
        loading="lazy"
        onError={[Function]}
        onLoad={[Function]}
        src="/_next/image?url=%2Fimages%2Fprovisional_logo.png&w=96&q=75"
        srcSet="/_next/image?url=%2Fimages%2Fprovisional_logo.png&w=48&q=75 1x, /_next/image?url=%2Fimages%2Fprovisional_logo.png&w=96&q=75 2x"
        style={
          {
            "color": "transparent",
          }
        }
        width={35}
      />
      <span>
        Food Koala
      </span>
    </a>
  </div>
  <div
    className="hamburger"
  >
    <input
      className="menu_btn_check"
      id="menu_btn_check"
      type="checkbox"
    />
    <label
      className="menu_btn"
      htmlFor="menu_btn_check"
    >
      <span />
    </label>
    <nav
      className="nav"
    >
      <ul>
        <li>
          <a
            href="/"
            onClick={[Function]}
            onMouseEnter={[Function]}
            onTouchStart={[Function]}
          >
            メニュー
          </a>
        </li>
        <li>
          <a
            href="/shop/list"
            onClick={[Function]}
            onMouseEnter={[Function]}
            onTouchStart={[Function]}
          >
            ショップ
          </a>
        </li>
        <li>
          <a
            href="/shop/favorite"
            onClick={[Function]}
            onMouseEnter={[Function]}
            onTouchStart={[Function]}
          >
            お気に入り
          </a>
        </li>
        <li>
          <a
            href="/order/list"
            onClick={[Function]}
            onMouseEnter={[Function]}
            onTouchStart={[Function]}
          >
            注文リスト
          </a>
        </li>
        <li>
          <a
            href="/order/order_history"
            onClick={[Function]}
            onMouseEnter={[Function]}
            onTouchStart={[Function]}
          >
            注文履歴
          </a>
        </li>
        <li
          className="false"
        >
          <a
            href="/login"
            onClick={[Function]}
            onMouseEnter={[Function]}
            onTouchStart={[Function]}
          >
            ログイン
          </a>
        </li>
        <li
          className="true"
        >
          ログアウト
        </li>
      </ul>
    </nav>
  </div>
</header>
`;

exports[`Header renders header correctly when loginStatus is true 1`] = `
<header
  className="header"
>
  <div
    className="logo"
  >
    <a
      href="/"
      onClick={[Function]}
      onMouseEnter={[Function]}
      onTouchStart={[Function]}
    >
      <img
        alt="logo"
        data-nimg="1"
        decoding="async"
        height={35}
        loading="lazy"
        onError={[Function]}
        onLoad={[Function]}
        src="/_next/image?url=%2Fimages%2Fprovisional_logo.png&w=96&q=75"
        srcSet="/_next/image?url=%2Fimages%2Fprovisional_logo.png&w=48&q=75 1x, /_next/image?url=%2Fimages%2Fprovisional_logo.png&w=96&q=75 2x"
        style={
          {
            "color": "transparent",
          }
        }
        width={35}
      />
      <span>
        Food Koala
      </span>
    </a>
  </div>
  <div
    className="hamburger"
  >
    <input
      className="menu_btn_check"
      id="menu_btn_check"
      type="checkbox"
    />
    <label
      className="menu_btn"
      htmlFor="menu_btn_check"
    >
      <span />
    </label>
    <nav
      className="nav"
    >
      <ul>
        <li>
          <a
            href="/"
            onClick={[Function]}
            onMouseEnter={[Function]}
            onTouchStart={[Function]}
          >
            メニュー
          </a>
        </li>
        <li>
          <a
            href="/shop/list"
            onClick={[Function]}
            onMouseEnter={[Function]}
            onTouchStart={[Function]}
          >
            ショップ
          </a>
        </li>
        <li>
          <a
            href="/shop/favorite"
            onClick={[Function]}
            onMouseEnter={[Function]}
            onTouchStart={[Function]}
          >
            お気に入り
          </a>
        </li>
        <li>
          <a
            href="/order/list"
            onClick={[Function]}
            onMouseEnter={[Function]}
            onTouchStart={[Function]}
          >
            注文リスト
          </a>
        </li>
        <li>
          <a
            href="/order/order_history"
            onClick={[Function]}
            onMouseEnter={[Function]}
            onTouchStart={[Function]}
          >
            注文履歴
          </a>
        </li>
        <li
          className="true"
        >
          <a
            href="/login"
            onClick={[Function]}
            onMouseEnter={[Function]}
            onTouchStart={[Function]}
          >
            ログイン
          </a>
        </li>
        <li
          className="false"
        >
          ログアウト
        </li>
      </ul>
    </nav>
  </div>
</header>
`;
